RAM Allocation
Variable                                                          Address   Size
--------------------------------------------------------------------------------
calibrationK                                                      0x0200       4
calibrationB                                                      0x0204       4
rx_buffer0                                                        0x0208      64
com_data_rx                                                       0x0248      25
dynamic_variables                                                 0x0261      12
com_bytes_rx                                                      0x026D       1
update_args_flag                                                  0x026E       1
p_bank_addr                                                       0x026F       1
voidFuncPtr                                                       0x0270       2
rx_wr_index0                                                      0x0272       1
rx_rd_index0                                                      0x0273       1
rx_counter0                                                       0x0274       1
adc_data                                                          0x0275       4
DAC_data                                                          0x0279       4
SPI_tEnd                                                          0x027D       1
checking_result                                                   0x027E       1
preambula_bytes                                                   0x027F       1
preambula_bytes_rec                                               0x0280       1
bytes_quantity_ans                                                0x0281       1
command_rx_val                                                    0x0282       1
Command_data                                                      0x0283      25
tx_buffer0                                                        0x029C      64
tx_rd_index0                                                      0x02DC       1
tx_counter0                                                       0x02DD       1
_seed                                                             0x02DE       4

EEPROM Allocation
Variable                                                          Address   Size
--------------------------------------------------------------------------------
Parameter_bank                                                    0x0000     138
Parameter_defaults                                                0x008A     138
ADC_PV_calibration_point1                                         0x0114       8
ADC_PV_calibration_point2                                         0x011C       8
rangeIndexEep                                                     0x0124       1
CalibrationConfigChanged                                          0x0125       1
calibrationKeep                                                   0x0126      16
calibrationBeep                                                   0x0136      16
crceep                                                            0x0146       2
crcstatic                                                         0x0148       2

Register Allocation
Variable                                                          Register  Size
--------------------------------------------------------------------------------
rxEnable                                                          R4           1
txEnable                                                          R3           1
calibration_point1                                                R5,R6        2
calibration_point2                                                R7,R8        2
rangeIndex                                                        R10          1
tmp_calibration                                                   R11,R12      2
crc                                                               R13,R14      2
dataToSave                                                        R9           1
rx_buffer_overflow0                                               GPIOR0.0  1bit
printflag                                                         GPIOR0.1  1bit
RxTx                                                              GPIOR0.2  1bit
new_data                                                          GPIOR0.3  1bit
message_recieved                                                  GPIOR0.4  1bit
answering                                                         GPIOR0.5  1bit
burst_mode                                                        GPIOR0.6  1bit
