RAM Allocation
Variable                                                          Address   Size
--------------------------------------------------------------------------------
calibrationK                                                      0x0164       4
calibrationB                                                      0x0168       4
rx_buffer0                                                        0x016C      64
com_data_rx                                                       0x01AC      25
dynamic_variables                                                 0x01C5      12
com_bytes_rx                                                      0x01D1       1
update_args_flag                                                  0x01D2       1
p_bank_addr                                                       0x01D3       1
voidFuncPtr                                                       0x01D4       2
rx_wr_index0                                                      0x01D6       1
rx_rd_index0                                                      0x01D7       1
rx_counter0                                                       0x01D8       1
adc_data                                                          0x01D9       4
DAC_data                                                          0x01DD       4
SPI_tEnd                                                          0x01E1       1
checking_result                                                   0x01E2       1
preambula_bytes                                                   0x01E3       1
preambula_bytes_rec                                               0x01E4       1
bytes_quantity_ans                                                0x01E5       1
command_rx_val                                                    0x01E6       1
Command_data                                                      0x01E7      25
tx_buffer0                                                        0x0200      64
tx_rd_index0                                                      0x0240       1
tx_counter0                                                       0x0241       1
_seed                                                             0x0242       4

EEPROM Allocation
Variable                                                          Address   Size
--------------------------------------------------------------------------------
Parameter_bank                                                    0x0000     138
Parameter_defaults                                                0x008A     138
ADC_PV_calibration_point1                                         0x0114       8
ADC_PV_calibration_point2                                         0x011C       8
ADC_PV_calibration_point1_PB1                                     0x0124       8
ADC_PV_calibration_point1_PB2                                     0x012C       8
ADC_PV_calibration_point2_PB1                                     0x0134       8
ADC_PV_calibration_point2_PB2                                     0x013C       8
rangeIndexEep                                                     0x0144       1
rangeIndexEepPB1                                                  0x0145       1
rangeIndexEepPB2                                                  0x0146       1
CalibrationConfigChanged                                          0x0147       1
CalibrationConfigChangedPB1                                       0x0148       1
CalibrationConfigChangedPB2                                       0x0149       1
calibrationKeep                                                   0x014A      16
calibrationBeep                                                   0x015A      16
calibrationKeep_PB1                                               0x016A      16
calibrationKeep_PB2                                               0x017A      16
calibrationBeep_PB1                                               0x018A      16
calibrationBeep_PB2                                               0x019A      16
crceep                                                            0x01AA       2
crcstatic                                                         0x01AC       2
firstPoint                                                        0x01AE       1
secondPoint                                                       0x01AF       1

Register Allocation
Variable                                                          Register  Size
--------------------------------------------------------------------------------
rxEnable                                                          R4           1
txEnable                                                          R3           1
calibration_point1                                                R5,R6        2
calibration_point2                                                R7,R8        2
rangeIndex                                                        R10          1
protectBitsChecking                                               R9           1
tmp_calibration                                                   R11,R12      2
crc                                                               R13,R14      2
rx_buffer_overflow0                                               GPIOR0.0  1bit
printflag                                                         GPIOR0.1  1bit
RxTx                                                              GPIOR0.2  1bit
new_data                                                          GPIOR0.3  1bit
message_recieved                                                  GPIOR0.4  1bit
answering                                                         GPIOR0.5  1bit
burst_mode                                                        GPIOR0.6  1bit
